// Jest Snapshot v1, https://goo.gl/fbAQLP

exports[`Button renders component unchanged 1`] = `
<button
  className="flex items-center justify-center w-full  bg-gray-500
  ml-2 p-2 text-white
    rounded-md hover:bg-gray-600 focus:shadow-md
     focus:ring-2 focus:ring-gray-800  undefined "
  data-testid="button"
  type="button"
>
  <span />
</button>
`;
